annoyware
blammo
bletch
bloatware
bogometer
bogon
bogosity
bogotify
copyleft
cruft
crufty
deliminator
delint
dirtball
flamage
foobar
grep
hackish
hackishness
hackitude
lexer
nagware
newline
overclock
regexp
rehi
segfault
spamblock
superuser
sysadmin
tarball
unixism
webmaster
xor
xref
annoyware
annoywares
blammo
blammoed
blammoing
blammos
bletch
bloatware
bloatwares
boga
bogometer
bogometers
bogon
bogosities
bogosity
bogotified
bogotifies
bogotify
bogotifying
copyleft
copylefts
cruft
crufted
crufties
crufting
crufts
crufty
deliminator
deliminators
delint
delinted
delinting
delints
dirtball
dirtballs
flamage
flamages
foobar
foobars
grep
grepped
grepping
greps
hackish
hackishes
hackishness
hackishnesses
hackitude
hackitudes
lexer
lexers
nagware
nagwares
newline
newlines
overclock
overclocked
overclocking
overclocks
regexp
regexps
rehi
segfault
segfaults
spamblock
spamblocks
superuser
superusers
sysadmin
sysadmins
tarball
tarballs
unixism
unixisms
webmaster
webmasters
xor
xref
xreffed
xreffing
xrefs
ABEND
ABENDs
ACK
ADVENT
ADVENTs
AFJ
AFJes
AFK
AIDX
AIDXes
ARMM
ARMMs
AUP
Acme
Acmes
Angband
Angbands
BAD
BCPL
BCPLs
BFI
BFIs
BI
BLOB
BLOBBed
BLOBBing
BLOBs
BNF
BNFs
BOF
BOFH
BOFHs
BOFs
BQS
BRS
BRSes
BSOD
BUAF
BUAFs
BUAG
BUAGs
BWQ
BWQs
Befunge
Befunges
Berzerkeley
Berzerkeleys
BiCapitalization
BiCapitalizations
BogoMIPS
BrokenWindows
BrokenWindowses
CDA
CHOP
CHOPs
CLM
CLMs
CTSS
CTSSes
CrApTeX
CrApTeXes
DAU
DAUs
DEADBEEF
DEADBEEFs
DED
DEDs
DPB
DPBed
DPBing
DPBs
DPer
DPers
DRECNET
DRECNETs
DWIM
DWIMs
Discordianism
Discordianisms
EBCDIC
EBCDICs
ECP
ECPs
EMACS
EMACSed
EMACSes
EMACSing
EMP
ENQ
EOF
EOFs
EOL
EOLs
EOU
EOUs
EXCH
EXCHed
EXCHes
EXCHing
EXE
EXEs
Exon
Exploder
Exploders
FAQL
FAQLs
FITNR
FIXME
FIXMEs
FIXMed
FIXMing
FOAF
FOAFs
FOD
FODDed
FODDing
FODs
FRS
FRSes
FSF
FTP
FTPed
FTPing
FTPs
FUBAR
FUBARs
FidoNet
FidoNets
Foonlies
Foonly
Fortrash
Fortrashes
GC
GCOS
GCOSes
GCed
GCing
GCs
GECOS
GECOSes
GFR
GFRed
GFRing
GFRs
GIPS
GIPSes
GNU
GNUMACS
GNUMACSes
GOSMACS
GOSMACSes
GPL
GPLs
GPV
GPVs
GoAT
Godzillagram
Godzillagrams
Gosperism
Gosperisms
HAKMEM
HAKMEMs
HAND
HCF
HCFs
HHOK
HHOS
HLL
HLLs
HTH
Hackintosh
Hackintoshes
IANAL
IDP
IDPed
IDPing
IDPs
IIRC
INTERCAL
INTERCALs
IRC
IRCs
ISP
ITS
ITSes
IWBNI
IYFEG
Infocom
Infocoms
JCL
JCLs
JEDR
JEDRs
KIBO
KIPS
KIPSes
LART
LARTed
LARTing
LARTs
LDB
LDBed
LDBing
LDBs
LER
LERP
LERPed
LERPing
LERPs
LERs
LISP
LISPs
LPT
LPTs
Lintel
Lintels
MFTL
MFTLs
MMF
MOTAS
MOTASes
MOTOS
MOTOSes
MOTSS
MOTSSes
MUD
MUDDed
MUDDing
MUDs
Macintoy
Macintoys
Macintrash
Macintrashes
Matrix
Matrixes
MicroDroid
MicroDroids
Moof
Mooffed
Mooffing
Moofs
NAK
NANA
NIL
NMI
NMIs
NSP
NSPs
NetBOLLIX
NetBOLLIXes
Netscrape
Netscrapes
OSS
OSU
OSUs
PBD
PBDs
PDL
PDLed
PDLing
PDLs
PEBKAC
PETSCII
PETSCIIs
PFY
PFYs
PHB
POM
POMs
POPJ
POPJes
PPN
PPNs
PostScript
PostScripts
RBL
RE
RETI
RETIed
RETIing
RETIs
REs
RFE
RFEs
RL
RLs
RSN
RTBM
RTBMed
RTBMing
RTBMs
RTFAQ
RTFAQQed
RTFAQQing
RTFAQs
RTFB
RTFBed
RTFBing
RTFBs
RTFS
RTFSed
RTFSes
RTFSing
RTI
RTM
RTS
RTSed
RTSes
RTSing
SAIL
SAILs
SCSI
SCSIs
SED
SEDs
SEX
SEXes
SIG
SIGs
SMOP
SMOPs
SPACEWAR
SPACEWARs
STFW
STFWed
STFWing
STFWs
ScumOS
ScumOSes
Slowlaris
Slowlarises
Stupids
Stupidses
SysVile
SysViles
TANSTAAFL
TCB
TCBs
TECO
TECOed
TECOing
TECOs
TINC
TINLC
TLA
TLAs
TMRC
TMRCie
TMRCies
TMRCs
TMTOWTDI
TWENEX
TWENEXes
TechRef
TechRefs
Telerat
Telerats
Tux
UBD
UBDs
UBE
UBEs
UCE
UCEs
UDP
UDPed
UDPing
UDPs
UTSL
UTSLs
UUCPNET
UUCPNETs
VAXectomies
VAXectomy
VAXen
VAXens
VMS
VMSes
VR
VRs
WAITS
WAITSes
WIBNI
WIBNIs
WOMBAT
WYSIAYG
Weenix
Weenixes
Windoze
Windozes
Wintel
Wintels
XOFF
XOFFs
XON
XONs
XXX
XXXes
YABA
YABAs
YAFIYGI
YAUN
YAUNs
YHBT
YKYBHTLW
Zork
Zorks
adger
adgerred
adgerring
adgers
ambimouseterous
amper
ampers
annoybot
annoybots
annoyware
annoywares
arg
args
astroturfing
astroturfings
attoparsec
attoparsecs
autobogotiphobia
autobogotiphobias
automagically
awk
awked
awking
awks
backreference
backreferences
backronym
backronyms
bagbiter
bagbiterred
bagbiterring
bagbiters
bagbiting
bamf
barfmail
barfmails
barfulation
barfulous
batbelt
batbelts
baz
bazes
bboard
bboards
berklix
berklixes
bignum
bignums
bitblt
bitblts
bixen
bixie
bixies
blammo
blammoed
blammoing
blammos
blargh
blarghs
bletch
bletcherous
blinkenlights
blinkenlightses
blit
blits
blitted
blitter
blitters
blitting
bloatware
bloatwares
blurgle
blurgles
boga
bogometer
bogometers
bogon
bogosities
bogosity
bogotified
bogotifies
bogotify
bogotifying
borken
boxologies
boxology
bozotic
braino
brainos
breedle
breedles
brochureware
brochurewares
broket
brokets
buglix
buglixes
bytesexual
cancelbot
candygrammar
candygrammars
careware
carewares
cdr
cdred
cdring
cdrs
chanop
chanops
charityware
charitywares
chawmp
chawmps
choad
choads
clustergeeking
clustergeekings
codewalker
codewalkers
cokebottle
cokebottles
computron
computrons
copybroke
copycenter
copycenters
copyleft
copylefts
copyparties
copyparty
copywronged
corge
corges
crapplet
crapplets
crlf
crlfs
crudware
crudwares
cruft
crufted
crufties
crufting
crufts
cruftsmanship
cruftsmanships
crufty
cryppie
cryppies
cuspy
cybercrud
cybercruds
cypherpunk
cypherpunks
dahmum
dahmums
dehose
dehosed
dehoses
dehosing
deliminator
deliminators
delint
delinted
delinting
delints
demoeffect
demoeffects
demogroup
demogroups
demoparties
demoparty
demoscene
dentro
depeditate
depeditates
derf
derfed
derfing
derfs
despew
despewed
despewing
despews
dirtball
dirtballs
dispress
dispressed
dispresses
dispressing
disusered
dogcow
dogcows
dogfood
dogfoods
dogpile
dogpiled
dogpiles
dogpiling
dogwash
dogwashed
dogwashes
dogwashing
domainist
dynner
dynners
egosurf
egosurfed
egosurfing
egosurfs
eurodemo
farkled
featurectomies
featurectomy
feep
feeper
feepers
feepped
feepping
feeps
filk
filks
finn
finned
finning
finns
firebottle
firebottles
firmies
firmy
flamage
flamages
flarp
flarps
flypage
flypages
fnord
fnords
fontologies
fontology
foobar
foobars
fred
frednet
frednets
freds
frink
frinked
frinking
frinks
friode
friodes
fritterware
fritterwares
frob
frobbed
frobbing
frobnicate
frobnicated
frobnicates
frobnicating
frobnitz
frobnitzes
frobs
frotz
frotzed
frotzes
frowney
frowneys
fscking
functino
functinos
furrfu
gabriel
gabriels
garplies
garply
gawble
gawbles
gedanken
geef
geeffed
geeffing
geefs
gensym
gensymed
gensyming
gensyms
gilley
gilleys
glark
glarked
glarking
glarks
glassfet
glassfets
glork
glorked
glorking
glorks
gnubie
gnubies
gonkulator
gonkulators
gorets
goretses
grault
graults
greenbar
greenbars
grep
grepped
grepping
greps
grilf
grilfs
gripenet
gripenets
gritch
gritched
gritches
gritching
gronk
gronked
gronking
gronks
gubbish
gubbishes
guiltware
guiltwares
gumbies
gumby
gunch
gunched
gunches
gunching
gurfle
gweep
gweepped
gweepping
gweeps
hackish
hackishes
hackishness
hackishnesses
hackitude
hackitudes
hakspek
hakspeks
handwave
handwaved
handwaves
handwaving
haque
haques
hardcoded
hardwarily
heatseeker
heatseekers
heisenbug
heisenbugs
hexit
hexits
hollised
humma
hungus
initgame
initgames
jolix
jolixes
jupiter
jupiterred
jupiterring
jupiters
kgbvax
kgbvaxes
kiboze
kibozed
kibozes
kibozing
kibozo
kibozos
klone
klones
kremvax
kremvaxes
kyrka
kyrkas
lasherism
lasherisms
lexer
lexers
lexiphage
lexiphages
linearithmic
livelock
livelocks
lossage
lossages
luser
lusers
macdink
macdinked
macdinking
macdinks
machoflops
machoflopses
macrotape
macrotapes
maggotbox
maggotboxes
mandelbug
mandelbugs
manularities
manularity
marketroid
marketroids
meatspace
meatspaces
meatware
meatwares
meeces
meeceses
megapennies
megapenny
memetics
memeticses
menuitis
menuitises
microLenat
microLenats
microReid
microReids
microfortnight
microfortnights
microserf
milliLampson
milliLampsons
misbug
misbugs
miswart
miswarts
mobies
mobo
moby
monties
monty
moria
morias
mouso
mousos
muddie
muddies
mudhead
mudheads
multician
multicians
mumblage
mumblages
munge
munged
munges
munging
nadger
nadgerred
nadgerring
nadgers
nagware
nagwares
nano
nanoacre
nanoacres
nanocomputer
nanocomputers
nanofortnight
nanofortnights
nanos
nastygram
nastygrams
netburp
netburps
netdead
netdeads
nethack
nethacks
netlag
netlags
netnews
netnewses
netrock
netrocks
netsplit
netsplits
newline
newlines
newsfroup
newsfroups
nroff
nroffs
nugries
nugry
ogg
ogged
ogging
oggs
ooblick
ooblicks
overclock
overclocked
overclocking
overclocks
param
params
parm
parms
perf
perves
phreaker
phreakers
playte
plingnet
plingnets
plokta
ploktaed
ploktaing
ploktas
plugh
plughed
plughing
plughs
pnambic
postcardware
postcardwares
prepend
prepended
prepending
prepends
prestidigitization
prestidigitizations
prettyprint
prettyprinted
prettyprinting
prettyprints
progasm
progasms
proggies
proggy
proglet
proglets
pseudoprime
pseudoprimes
pseudosuit
pseudosuits
psychedelicware
psychedelicwares
psyton
psytons
pumpking
pumpkings
quux
quuxes
qux
rasterbation
rasterbations
ravs
ravses
regexp
regexps
rehi
retcon
retconned
retconning
retcons
retrocomputing
retrocomputings
robocanceller
sagan
sagans
salescritter
salescritters
sandbender
sandbenders
scanno
scannos
schroedinbug
schroedinbugs
screwage
screwages
scrool
scrools
scrozzle
scrozzled
scrozzles
scrozzling
scruffies
scruffieses
segfault
segfaults
seggie
seggies
segv
segvs
sharchive
sharchives
shelfware
shelfwares
shitogram
shitograms
shovelware
shovelwares
sitename
sitenames
skrog
skrogged
skrogging
skrogs
slopsucker
slopsuckers
sneakernet
sneakernets
snivitz
snivitzes
softcopies
softcopy
softwarily
spamblock
spamblocks
spamhaus
spamhauses
spamvertize
spamvertized
spamvertizes
spamvertizing
spl
spod
spods
spungle
spungles
squirrelcide
squirrelcides
stiffies
stiffy
strided
stubroutine
stubroutines
studlycaps
studlycapses
superloser
superlosers
superprogrammer
superprogrammers
superuser
superusers
sysadmin
sysadmins
sysape
sysapes
tarball
tarballs
tardegies
tardegy
tayste
taystes
teergrube
teergrubes
teledildonics
teledildonicses
terminak
terminaks
terpri
terpried
terpriing
terpris
thinko
thinkos
toeprint
toeprints
toolsmith
toolsmiths
toor
toors
treeware
treewares
trit
trits
troff
troffs
tty
ttys
tunafish
tunafishes
turist
turists
twonkie
twonkies
unixism
unixisms
unswizzle
unswizzled
unswizzles
unswizzling
upthread
vadding
vaddings
vannevar
vannevars
vaston
vastons
vaxherd
vaxherds
vaxism
vaxisms
vaxocentrism
vaxocentrisms
vdiff
vdiffed
vdiffing
vdiffs
veeblefester
veeblefesters
velveeta
velveetas
verbage
verbages
vgrep
vgrepped
vgrepping
vgreps
vi
vis
wango
wangos
warlording
warlordinged
warlordinging
warlordings
webifies
webify
webmaster
webmasters
wedgitude
wedgitudes
weeble
whalesong
whalesongs
whizzy
wibble
wibbles
windoid
windoids
winkey
winkeys
winnage
winnages
winnitude
winnitudes
wirehead
wireheads
wirewater
wirewaters
wumpus
wumpuses
xor
xref
xreffed
xreffing
xrefs
xyzzy
zipperhead
zipperheads
zorkmid
zorkmids
AFAIK
AFAIKs
AI
AIDS
AIDSes
AIs
ANSI
ANSIs
ASCII
ASCIIs
Ada
Adas
Amiga
BASIC
BASICs
BBS
BBSes
BITNET
BITNETs
BLT
BLTs
BSD
BSDs
Borg
Borgs
C
COBOL
COBOLs
Cs
DDT
DDTs
DEC
DECed
DECing
DECs
DP
DPs
Datamation
Datamations
Dilbert
Dilberts
English
Englishes
Eris
Erises
FAQ
FAQs
FM
FMs
FUD
FUDs
G
GIGO
Guido
IBM
IMHO
Internet
Internets
Java
K
Knuth
Knuths
Ks
Linus
Linux
Linuxes
M
MEGO
MEGOs
MIPS
MIPSes
Mars
Marses
Microsoft
Multics
Multicses
N
NeWS
NeWSes
OS
OSes
OTOH
PARC
PARCs
PD
PM
PMed
PMing
PMs
Pascal
Pascals
Pentium
Pentiums
Perl
Perls
Python
QWERTY
RFC
RFCs
RTFM
RTFMed
RTFMing
RTFMs
SO
SOS
SOSes
SOs
Sun
Suns
T
TELNET
TELNETTed
TELNETTing
TELNETs
TeX
TeXes
URL
URLs
Unix
Unixes
Usenet
Usenets
VAX
VAXes
WYSIWYG
Winchester
Winchesters
X
Xes
YMMV
abbrev
abbrevs
accumulator
accumulators
acolyte
acolytes
admin
admins
alt
alts
amoeba
amoebae
amoebas
app
apps
arena
arenas
asbestos
atomic
avatar
avatars
backgammon
background
backgrounds
bandwidth
bandwidths
bang
bangs
banner
banners
bar
barf
barfed
barfing
barfs
barn
barney
barneys
barns
baroque
bars
batch
baud
bauds
bazaar
bazaars
beam
beamed
beaming
beams
beep
beeps
benchmark
benchmarks
beta
betas
bible
bibles
biff
biffed
biffing
biffs
bigot
bigots
bit
bits
blast
blasted
blasting
blasts
blat
blats
blink
blinked
blinking
blinks
blivet
blivets
block
blocked
blocking
blocks
boa
board
boards
boas
bob
bobs
bogus
boink
boinked
boinking
boinks
bomb
bombed
bombing
bombs
boot
booted
booting
boots
bot
bounce
bounced
bounces
bouncing
boustrophedon
boustrophedons
box
boxen
boxes
break
breaking
breaks
brittle
brittler
brittlest
broke
broken
browser
browsers
bug
bugs
bulletproof
bum
bummed
bumming
bump
bumped
bumping
bumps
bums
burble
burbled
burbles
burbling
buzz
buzzed
buzzes
buzzing
byte
bytes
calculator
calculators
can
canned
canning
canonical
cans
cascade
cascades
cat
catatonic
cathedral
cathedrals
cats
catted
catting
chad
chads
chain
chained
chaining
chains
channel
channels
char
chars
check
checks
cheerfully
chemist
chemists
choke
choked
chokes
choking
chomp
chomped
chomper
chompers
chomping
chomps
chrome
chromes
chug
chugged
chugging
chugs
clean
cleaned
cleaner
cleanest
cleaning
cleans
clobber
clobbered
clobbering
clobbers
clock
clocked
clocking
clocks
clone
cloned
clones
cloning
coaster
coasters
code
codes
compact
compacter
compactest
compo
compos
compress
compressed
compresses
compressing
con
condom
condoms
confuser
confusers
cons
consed
conses
consing
console
consoles
cookbook
cookbooks
cookie
cookies
copper
coppers
core
cores
cowboy
cowboys
cracker
crackers
cracking
crackings
crank
cranked
cranking
cranks
crash
crashed
crashes
crashing
cray
crayola
crayolas
crayon
crayons
crays
creationism
creationisms
creep
creeping
creeps
crept
cretin
cretinous
cretins
crippleware
cripplewares
crock
crocks
crumb
crumbs
crunch
crunched
crunches
crunching
cube
cubes
cubing
cubinged
cubinging
cubings
cyberpunk
cyberpunks
cyberspace
cyberspaces
cycle
cycled
cycles
cycling
daemon
daemons
dd
dded
dding
dds
dead
deader
deadest
deadlock
deadlocks
decay
decays
deckle
deckles
defenestration
defenestrations
delta
deltas
demented
demigod
demigods
demo
demoed
demoing
demon
demons
demos
deprecated
diddle
diddled
diddles
diddling
die
died
dies
diff
diffed
diffing
diffs
digit
digits
dike
diked
dikes
diking
ding
dings
dink
dinker
dinkest
dinosaur
dinosaurs
disclaimer
disclaimers
distribution
distributions
doc
docs
documentation
documentations
dodgier
dodgiest
dodgy
dongle
dongles
donuts
donutses
doorstop
doorstops
down
downed
downing
download
downloaded
downloading
downloads
downs
dragon
dragons
drain
drained
draining
drains
driver
drivers
droid
droids
drone
drones
drugged
drum
drums
dump
dumps
dying
earthquake
earthquakes
echo
echoes
echos
ed
eds
elegant
elephantine
elite
elvish
elvishes
email
emailed
emailing
emails
emoticon
emoticons
empire
empires
engine
engines
enhancement
enhancements
epoch
epochs
epsilon
epsilons
erotics
eroticses
evil
eviler
evilest
eviller
evillest
excl
excls
exec
execked
execking
execs
exploit
exploits
factor
factors
fairings
fairingses
fan
fans
faradize
faradized
faradizes
faradizing
farming
farmings
fascist
faultier
faultiest
faulty
feature
features
fence
fences
filter
filters
fine
finer
finest
finger
fingered
fingering
fingers
firefighting
firefightings
firmware
firmwares
fish
fishes
fix
fixes
flag
flags
flakier
flakiest
flaky
flame
flamed
flamer
flamers
flames
flaming
flap
flapped
flapping
flaps
flat
flatten
flattened
flattening
flattens
flatter
flattest
flavor
flavorful
flavors
flippies
flippy
flood
flooded
flooding
floods
flowchart
flowcharts
flush
flushed
flushes
flushing
flytrap
flytraps
followup
followups
foo
fool
fools
footprint
footprints
fora
foreground
foregrounded
foregrounding
foregrounds
forked
forum
forums
fossil
fossils
frag
fragile
fragiler
fragilest
frags
freeware
freewares
freeze
freezes
freezing
fried
fries
frog
frogging
frogginged
frogginging
froggings
frogs
froze
frozen
fry
frying
fudge
fudged
fudges
fudging
fum
fums
funkier
funkiest
funky
fuzzball
fuzzballs
gag
gagged
gagging
gags
gas
gaseous
gases
gassed
gasses
gassing
gen
generate
generated
generates
generating
gens
gig
gigs
gillion
gillions
glass
glasses
glitch
glitched
glitches
glitching
glob
globed
globing
globs
glue
glues
gnarlier
gnarliest
gnarly
gobble
gobbled
gobbles
gobbling
golden
goldener
goldenest
gonk
gonked
gonking
gonks
gonzo
gopher
gophers
gorp
gorps
gotcha
gotchas
gribble
gribbles
grind
grinding
grinds
grok
grokked
grokking
groks
ground
grovel
groveled
groveling
grovelled
grovelling
grovels
grue
grues
grunge
grunges
gun
gunned
gunning
guns
guru
gurus
h
hack
hacked
hacker
hackers
hacking
hacks
hair
hairball
hairballs
hairier
hairiest
hairs
hairy
hammer
hammered
hammering
hammers
hamster
hamsters
handle
handles
handshaking
handshakings
hang
hanged
hanging
hangs
happily
hardwired
hat
hats
heartbeat
heartbeats
heavyweight
hex
hexadecimal
hexadecimals
hexes
highly
hing
hings
hirsute
hoarding
hoardings
hobbit
hobbits
hog
hogs
hole
holes
hook
hooks
hop
hopped
hopping
hops
hose
hosed
hoses
hosing
hotlink
hotlinks
huff
huffed
huffing
huffs
hung
hyperspace
hyperspaces
ice
ices
idempotent
inc
incantation
incantations
inced
incing
include
included
includes
including
incs
infinite
infinities
infinity
inflate
inflated
inflates
inflating
interesting
interrupt
interrupts
intro
intros
iron
ironmonger
ironmongers
irons
jaggies
jaggieses
jello
jellos
jiffies
jiffy
jock
jocks
kahuna
kahunas
ken
kens
kick
kicked
kicking
kicks
kit
kits
kludge
kludged
kludges
kludging
kluge
kluged
kluges
kluging
knobs
koan
koans
lag
lags
lamer
lamers
lase
lased
lases
lasing
laundromat
laundromats
leak
leaks
leech
leeches
legal
legalese
legaleses
letterbomb
letterbombs
life
lightweight
lint
linted
linting
lints
live
liver
lives
livest
liveware
livewares
lobotomies
lobotomy
logical
lose
loser
losers
loses
losing
loss
losses
lost
lurker
lurkers
machinable
macro
macrologies
macrology
macros
magic
magics
mailbomb
mailbombed
mailbombing
mailbombs
mainframe
mainframes
management
managements
manged
mangeds
mangle
mangled
mangler
manglers
mangles
mangling
marbles
marginal
marginally
martian
martians
massage
massaged
massages
massaging
meg
megs
meme
memes
meta
mickey
mickeys
microfloppies
microfloppieses
minifloppies
minifloppieses
misfeature
misfeatures
mockingbird
mockingbirds
mod
modded
modding
mode
modes
mods
modulo
monstrosities
monstrosity
mu
multitask
multitasks
mumble
munch
munched
munches
munching
munchkin
munchkins
mundane
mundanes
mung
munged
munging
mungs
music
musics
mutter
muttered
muttering
mutters
naive
naiver
naivest
nanobot
nanobots
nanotechnologies
nanotechnology
nature
natures
neophilia
neophilias
nerd
nerds
netiquette
netiquettes
netter
netters
newbie
newbies
newsgroup
newsgroups
nick
nickle
nickles
nicks
noddy
node
nodes
nonlinear
nontrivial
notwork
notworks
nude
nuder
nudest
nuke
nuked
nukes
nuking
numbers
numberses
nybble
nybbled
nybbles
nybbling
nyetwork
nyetworks
obscure
obscurer
obscurest
offline
op
open
opens
ops
optimism
optimisms
orphan
orphans
orthogonal
overrun
overruns
parse
parsed
parses
parsing
pastie
pasties
patch
patched
patches
patching
path
pathological
paths
payware
paywares
peek
peeks
peon
peons
pessimal
pessimaled
pessimaling
pessimals
phage
phages
phase
phases
phreaking
phreakings
ping
pinged
pinging
pings
pipe
pipes
pistol
pistols
playpen
playpens
plonk
plonked
plonking
plonks
plumbing
plumbings
pod
pods
poke
pokes
poll
polled
polling
polls
pop
popped
popping
pops
poser
posers
post
posted
posting
postings
postmaster
postmasters
posts
priesthood
priesthoods
print
printed
printing
prints
profile
profiles
program
programming
programmings
programs
proprietary
protocol
protocols
prowler
prowlers
pseudo
pseudos
puff
puffed
puffing
puffs
punt
punted
punting
punts
push
pushed
pushes
pushing
quad
quads
quantifiers
quarter
quarters
ques
queses
quine
quines
quotient
quotients
random
randomness
randomnesses
randoms
rape
raped
rapes
raping
rave
raved
raves
raving
real
realer
realest
reaper
reapers
recursion
recursions
replicator
replicators
replies
reply
restriction
restrictions
rip
ripoff
ripoffs
ripped
ripping
rips
roach
roached
roaches
roaching
robot
robots
robust
robuster
robustest
rococo
rogue
rogues
root
roots
rude
ruder
rudest
runes
runic
sacred
saga
sagas
said
salt
salts
samizdat
samizdats
samurai
samurais
sandbox
sandboxes
say
saying
says
scag
scagged
scagging
scags
scratch
scratched
scratches
scratching
screen
screens
screw
screws
scribble
scribbles
scrog
scrogged
scrogging
scrogs
segment
segmented
segmenting
segments
selvage
selvages
semi
semis
server
servers
shareware
sharewares
shebang
shebangs
shell
shells
shim
shims
showstopper
showstoppers
shriek
shrieks
sidecar
sidecars
silicon
silicons
silo
silos
skulker
skulkers
slab
slabbed
slabbing
slabs
slack
slacks
slash
slashes
sleep
sleeping
sleeps
slept
slim
slims
slop
slops
slurp
slurped
slurping
slurps
smart
smarter
smartest
smiley
smileys
smoke
smoked
smokes
smoking
smurf
smurfs
snail
snailed
snailing
snails
snap
snapped
snapping
snaps
snarf
snarfed
snarfing
snarfs
snark
snarks
sneaker
sneakers
sniff
sniffed
sniffing
sniffs
softies
softy
spam
spammed
spamming
spams
spangle
spangles
spawn
spawns
speedometer
speedometers
spell
spells
spiffier
spiffiest
spiffy
spike
spiked
spikes
spiking
spin
spinning
spins
splat
splats
spoiler
spoilers
sponge
sponges
spoof
spoofed
spoofing
spoofs
spool
spooled
spooling
spools
spun
stack
stacks
state
states
stoppage
stoppages
store
stores
stroke
strokes
strudel
strudels
studlier
studliest
studly
stunning
suit
suits
sunspots
sunspotses
support
supports
surf
surfed
surfing
surfs
swab
swabbed
swabbing
swabs
swap
swapped
swapping
swaps
swizzle
swizzled
swizzles
swizzling
sync
syncs
sysop
sysops
system
systems
tanked
taste
tastes
tee
tees
tense
tenser
tensest
tentacle
tentacles
test
tests
text
texts
theologies
theology
theories
theory
thrash
thrashed
thrashes
thrashing
thread
threads
thud
thuds
thumb
thumbs
thunk
thunks
tick
ticks
toad
toadded
toadding
toads
toast
toasted
toaster
toasters
toasting
toasts
toggle
toggled
toggles
toggling
tool
tooled
tooling
tools
tourist
touristic
tourists
toy
toys
trampoline
trampolines
trap
trapped
trapping
traps
trash
trashed
trashes
trashing
trawl
trawled
trawling
trawls
trivial
troglodyte
troglodytes
troll
trolled
trolling
trolls
tron
tronned
tronning
trons
tube
tubes
tune
tuned
tunes
tuning
tweak
tweaked
tweaking
tweaks
tweeter
tweeters
twiddle
twiddled
twiddles
twiddling
twink
twinks
uninteresting
up
upload
uploaded
uploading
uploads
upped
upping
ups
urchin
urchins
user
users
vanilla
vaporware
vaporwares
var
vars
verbiage
verbiages
videotex
videotexes
virgin
virtual
virus
viruses
visionaries
visionary
voice
voiced
voices
voicing
wabbit
wabbits
waldo
waldoes
waldos
walk
walks
wall
walled
walling
wallpaper
wallpapers
walls
wank
wanked
wanking
wanks
wannabee
wannabees
warez
warezes
wart
warts
weasel
weasels
wedged
wedgie
wedgies
weeds
weedses
weenie
weenies
wetware
wetwares
whack
whacked
whacker
whackers
whacking
whacks
whales
whaleses
wheel
wheels
widget
widgets
wiggles
wiggleses
win
winner
winners
winning
wins
wired
wireds
wizard
wizardly
wizards
womble
wombles
won
wonkier
wonkiest
wonky
woofer
woofers
workaround
workarounds
worm
wormhole
wormholes
worms
zap
zapped
zapping
zaps
zen
zenned
zenning
zens
zero
zeroed
zeroes
zeroing
zeros
zeroth
zigamorph
zigamorphs
zip
zipped
zipping
zips
zombie
zombies
zorch
zorched
zorches
zorching
